[uicookies.com/demo/theme/law/index.html]
[backblue.gif]
[fade.gif]
[index.html]
[uicookies.com/demo/theme/law/assets/css/bootstrap/bootstrap.css]
[uicookies.com/demo/theme/law/assets/fonts/ionicons/css/ionicons.min.css]
[uicookies.com/demo/theme/law/assets/fonts/law-icons/font/flaticon.css]
[uicookies.com/demo/theme/law/assets/fonts/fontawesome/css/font-awesome.min.css]
[uicookies.com/demo/theme/law/assets/css/slick.css]
[uicookies.com/demo/theme/law/assets/css/slick-theme.css]
[uicookies.com/demo/theme/law/assets/css/style.css]
[uicookies.com/demo/theme/law/assets/css/helpers.css]
[uicookies.com/demo/theme/law/index-2.html]
[uicookies.com/demo/theme/law/assets/images/1900x1200_img_7.jpg]
[uicookies.com/demo/theme/law/assets/images/600x450_img_2.jpg]
[uicookies.com/demo/theme/law/assets/images/800x500_img_1.jpg]
[uicookies.com/demo/theme/law/assets/images/1900x1200_img_3.jpg]
[uicookies.com/demo/theme/law/assets/images/1900x1200_img_4.jpg]
[uicookies.com/demo/theme/law/assets/images/1900x1200_img_2.jpg]
[uicookies.com/demo/theme/law/assets/images/1900x1200_img_1.jpg]
[uicookies.com/demo/theme/law/assets/images/square_img_5.jpg]
[uicookies.com/cdn-cgi/scripts/5c5dd728/cloudflare-static/email-decode.min.js]
[uicookies.com/demo/theme/law/assets/js/jquery.min.js]
[uicookies.com/demo/theme/law/assets/js/popper.min.js]
[uicookies.com/demo/theme/law/assets/js/bootstrap.min.js]
[uicookies.com/demo/theme/law/assets/js/slick.min.js]
[uicookies.com/demo/theme/law/assets/js/jquery.waypoints.min.js]
[uicookies.com/demo/theme/law/assets/js/jquery.easing.1.3.js]
[uicookies.com/demo/theme/law/assets/js/main.js]
[uicookies.com/demo/theme/law/index.html]
[uicookies.com/demo/theme/law/assets/css/bootstrap/bootstrap.css]
[ajax.cloudflare.com/cdn-cgi/scripts/7089c43e/cloudflare-static/rocket-loader.min.js]
[uicookies.com/demo/theme/law/assets/fonts/ionicons/fonts/ionicons28b5.eot]
[uicookies.com/demo/theme/law/assets/fonts/ionicons/fonts/ionicons28b5.ttf]
[uicookies.com/demo/theme/law/assets/fonts/ionicons/fonts/ionicons28b5.woff]
[uicookies.com/demo/theme/law/assets/fonts/ionicons/css/ionicons.min.css]
[uicookies.com/demo/theme/law/assets/fonts/ionicons/fonts/ionicons28b5.svg]
[uicookies.com/demo/theme/law/assets/fonts/law-icons/font/Flaticon.eot]
[uicookies.com/demo/theme/law/assets/fonts/law-icons/font/Flaticond41d.eot]
[uicookies.com/demo/theme/law/assets/fonts/law-icons/font/Flaticon.woff]
[uicookies.com/demo/theme/law/assets/fonts/law-icons/font/Flaticon.ttf]
[uicookies.com/demo/theme/law/assets/fonts/law-icons/font/flaticon.css]
[uicookies.com/demo/theme/law/assets/fonts/law-icons/font/Flaticon.svg]
[uicookies.com/demo/theme/law/assets/fonts/fontawesome/fonts/fontawesome-webfont3e6e.eot]
[uicookies.com/demo/theme/law/assets/fonts/fontawesome/fonts/fontawesome-webfontd41d.eot]
[uicookies.com/demo/theme/law/assets/fonts/fontawesome/fonts/fontawesome-webfont3e6e.woff2]
[uicookies.com/demo/theme/law/assets/fonts/fontawesome/fonts/fontawesome-webfont3e6e.woff]
[uicookies.com/demo/theme/law/assets/fonts/fontawesome/fonts/fontawesome-webfont3e6e.ttf]
[uicookies.com/demo/theme/law/assets/fonts/fontawesome/css/font-awesome.min.css]
[uicookies.com/demo/theme/law/assets/css/slick.css]
[uicookies.com/demo/theme/law/assets/css/ajax-loader.gif]
[uicookies.com/demo/theme/law/assets/fonts/fontawesome/fonts/fontawesome-webfont3e6e.svg]
[uicookies.com/demo/theme/law/assets/fonts/slick/slick.eot]
[uicookies.com/demo/theme/law/assets/fonts/slick/slickd41d.eot]
[uicookies.com/demo/theme/law/assets/fonts/slick/slick.woff]
[uicookies.com/demo/theme/law/assets/fonts/slick/slick.ttf]
[uicookies.com/demo/theme/law/assets/css/slick-theme.css]
[uicookies.com/demo/theme/law/assets/css/helpers.css]
[uicookies.com/demo/theme/law/assets/css/style.css]
[uicookies.com/demo/theme/law/index-2.html]
[uicookies.com/demo/theme/law/assets/fonts/ionicons/fonts/ionicons28b5.svg]
[uicookies.com/demo/theme/law/assets/fonts/law-icons/font/Flaticon.svg]
[uicookies.com/demo/theme/law/assets/fonts/slick/slick.svg]
[uicookies.com/demo/theme/law/assets/fonts/fontawesome/fonts/fontawesome-webfont3e6e.svg]
[uicookies.com/demo/theme/law/assets/css/ajax-loader.html]
[uicookies.com/demo/theme/law/assets/fonts/slick/slick.svg]
